<html>
<body>
<pre>
<h1>礦ision Build Log</h1>
<h2>Tool Versions:</h2>
IDE-Version: μVision V5.25.2.0
Copyright (C) 2018 ARM Ltd and ARM Germany GmbH. All rights reserved.
License Information: AA AA, AA, LIC=CRMNN-YAS59-JNFA8-3G2PF-2LW28-VACFF
 
Tool Versions:
Toolchain:       MDK-ARM Professional  Version: 5.25.2.0
Toolchain Path:  C:\Keil_v5\ARM\ARMCC\Bin
C Compiler:      Armcc.exe V5.06 update 6 (build 750)
Assembler:       Armasm.exe V5.06 update 6 (build 750)
Linker/Locator:  ArmLink.exe V5.06 update 6 (build 750)
Library Manager: ArmAr.exe V5.06 update 6 (build 750)
Hex Converter:   FromElf.exe V5.06 update 6 (build 750)
CPU DLL:         SARMCM3.DLL V5.25.2.0
Dialog DLL:      DCM.DLL V1.17.1.0
Target DLL:      Segger\JL2CM3.dll V2.99.29.0
Dialog DLL:      TCM.DLL V1.35.1.0
 
<h2>Project:</h2>
C:\Users\Dorio\Desktop\B12.3B完成wifi_温度_按键_ZB_空气_MQ_定时_QR\Project\RVMDK(uv5)\WF-STM32F429.uvprojx
Project File Date:  12/03/2019

<h2>Output:</h2>
*** Using Compiler 'V5.06 update 6 (build 750)', folder: 'C:\Keil_v5\ARM\ARMCC\Bin'
Build target 'STM32F429'
compiling stm32f4xx_it.c...
compiling bsp.c...
compiling main.c...
..\..\USER\main.c(494): warning:  #177-D: variable "flll"  was declared but never referenced
  	u8 flll=0;
..\..\USER\main.c: 1 warning, 0 errors
compiling bsp_debug_usart.c...
compiling bsp_touchpad.c...
compiling cpu_bsp.c...
compiling bsp_lcd.c...
compiling bsp_sdram.c...
compiling bsp_i2c_touch.c...
compiling bsp_bh1750.c...
compiling gt9xx.c...
compiling sersor_i2c.c...
compiling bsp_rtc.c...
compiling GUI_X_uCOS.c...
compiling app.c...
compiling GUIDRV_wf.c...
compiling rgbledDLG.c...
compiling keypadapp.c...
compiling WeatherDLG.c...
compiling ClockDLG.c...
compiling CompassDLG.c...
compiling HomeDLG.c...
compiling inv_mpu.c...
compiling QRDLG.c...
compiling BlackDLG.c...
..\..\USER\APP\BlackDLG.c(138): warning:  #111-D: statement is unreachable
  	  break;
..\..\USER\APP\BlackDLG.c: 1 warning, 0 errors
compiling inv_mpu_dmp_motion_driver.c...
compiling log_stm32.c...
compiling mpu6050.c...
linking...
Program Size: Code=290096 RO-data=426156 RW-data=4012 ZI-data=2185980  
FromELF: creating hex file...
"..\..\Output\WF-STM32F429.axf" - 0 Error(s), 2 Warning(s).

<h2>Software Packages used:</h2>

Package Vendor: ARM
                http://www.keil.com/pack/ARM.CMSIS.5.3.0.pack
                ARM.CMSIS.5.3.0
                CMSIS (Cortex Microcontroller Software Interface Standard)
   * Component: CORE Version: 5.1.1

Package Vendor: Keil
                http://www.keil.com/pack/Keil.STM32F4xx_DFP.2.5.0.pack
                Keil.STM32F4xx_DFP.2.5.0
                STMicroelectronics STM32F4 Series Device Support, Drivers and Examples

<h2>Collection of Component include folders:</h2>
  .\RTE\_STM32F429
  D:\KEIL5\ARM\CMSIS\5.3.0\CMSIS\Include
  D:\KEIL5\Keil\STM32F4xx_DFP\2.5.0\Drivers\CMSIS\Device\ST\STM32F4xx\Include

<h2>Collection of Component Files used:</h2>

   * Component: ARM::CMSIS:CORE:5.1.1
Build Time Elapsed:  00:00:28
</pre>
</body>
</html>
